Initializing cgroup subsys cpuset
Linux version 2.6.24-0.77.rc4.git4.fc9 (kojibuilder@) (gcc version 4.1.2 20071124 (Red Hat 4.1.2-35)) #1 SMP Thu Dec 6 16:50:13 EST 2007
BIOS-provided physical RAM map:
 BIOS-e820: 0000000000000000 - 000000000009fc00 (usable)
 BIOS-e820: 000000000009fc00 - 00000000000a0000 (reserved)
 BIOS-e820: 00000000000e4000 - 0000000000100000 (reserved)
 BIOS-e820: 0000000000100000 - 000000001f780000 (usable)
 BIOS-e820: 000000001f780000 - 000000001f790000 (ACPI data)
 BIOS-e820: 000000001f790000 - 000000001f7d0000 (ACPI NVS)
 BIOS-e820: 000000001f7d0000 - 000000001f7de000 (reserved)
 BIOS-e820: 000000001f7e0000 - 000000001f800000 (reserved)
 BIOS-e820: 00000000fee00000 - 00000000fee01000 (reserved)
 BIOS-e820: 00000000fff80000 - 0000000100000000 (reserved)
0MB HIGHMEM available.
503MB LOWMEM available.
found SMP MP-table at 000ff780
Using x86 segment limits to approximate NX protection
Entering add_active_range(0, 0, 128896) 0 entries of 256 used
Zone PFN ranges:
  DMA             0 ->     4096
  Normal       4096 ->   128896
  HighMem    128896 ->   128896
Movable zone start PFN for each node
early_node_map[1] active PFN ranges
    0:        0 ->   128896
On node 0 totalpages: 128896
  DMA zone: 56 pages used for memmap
  DMA zone: 0 pages reserved
  DMA zone: 4040 pages, LIFO batch:0
  Normal zone: 1706 pages used for memmap
  Normal zone: 123094 pages, LIFO batch:31
  HighMem zone: 0 pages used for memmap
  Movable zone: 0 pages used for memmap
DMI present.
Using APIC driver default
ACPI: RSDP 000FBE60, 0014 (r0 ACPIAM)
ACPI: RSDT 1F780000, 0034 (r1 A M I  OEMRSDT  10000717 MSFT       97)
ACPI: FACP 1F780200, 0081 (r1 A M I  OEMFACP  10000717 MSFT       97)
ACPI: DSDT 1F780400, 5F17 (r1  A0797 A0797000        0 INTL 20051117)
ACPI: FACS 1F790000, 0040
ACPI: APIC 1F780390, 0068 (r1 A M I  OEMAPIC  10000717 MSFT       97)
ACPI: OEMB 1F790040, 0046 (r1 A M I  AMI_OEM  10000717 MSFT       97)
ACPI: MCFG 1F786320, 003C (r1 A M I  OEMMCFG  10000717 MSFT       97)
ACPI: PM-Timer IO Port: 0x808
ACPI: Local APIC address 0xfee00000
ACPI: LAPIC (acpi_id[0x01] lapic_id[0x00] enabled)
Processor #0 6:13 APIC version 20
ACPI: IOAPIC (id[0x01] address[0xfec00000] gsi_base[0])
IOAPIC[0]: apic_id 1, version 32, address 0xfec00000, GSI 0-23
ACPI: INT_SRC_OVR (bus 0 bus_irq 0 global_irq 2 dfl dfl)
ACPI: INT_SRC_OVR (bus 0 bus_irq 9 global_irq 9 high level)
ACPI: INT_SRC_OVR (bus 0 bus_irq 0 global_irq 2 dfl dfl)
ACPI: INT_SRC_OVR (bus 0 bus_irq 9 global_irq 9 high level)
ACPI: IRQ0 used by override.
ACPI: IRQ2 used by override.
ACPI: IRQ9 used by override.
Enabling APIC mode:  Flat.  Using 1 I/O APICs
Using ACPI (MADT) for SMP configuration information
Allocating PCI resources starting at 20000000 (gap: 1f800000:df600000)
swsusp: Registered nosave memory region: 000000000009f000 - 00000000000a0000
swsusp: Registered nosave memory region: 00000000000a0000 - 00000000000e4000
swsusp: Registered nosave memory region: 00000000000e4000 - 0000000000100000
Built 1 zonelists in Zone order, mobility grouping on.  Total pages: 127134
Kernel command line: ro root=/dev/VolGroup00/LogVol00 selinux=off
mapped APIC to ffffb000 (fee00000)
mapped IOAPIC to ffffa000 (fec00000)
Enabling fast FPU save and restore... done.
Enabling unmasked SIMD FPU exception support... done.
Initializing CPU#0
CPU 0 irqstacks, hard=c0826000 soft=c0806000
PID hash table entries: 2048 (order: 11, 8192 bytes)
Detected 630.085 MHz processor.
Console: colour VGA+ 80x25
console [tty0] enabled
Lock dependency validator: Copyright (c) 2006 Red Hat, Inc., Ingo Molnar
... MAX_LOCKDEP_SUBCLASSES:    8
... MAX_LOCK_DEPTH:          30
... MAX_LOCKDEP_KEYS:        2048
... CLASSHASH_SIZE:           1024
... MAX_LOCKDEP_ENTRIES:     8192
... MAX_LOCKDEP_CHAINS:      16384
... CHAINHASH_SIZE:          8192
 memory used by lock dependency info: 1024 kB
 per task-struct memory footprint: 1680 bytes
Dentry cache hash table entries: 65536 (order: 6, 262144 bytes)
Inode-cache hash table entries: 32768 (order: 5, 131072 bytes)
Memory: 496588k/515584k available (2325k kernel code, 18484k reserved, 1184k data, 576k init, 0k highmem)
virtual kernel memory layout:
    fixmap  : 0xffc53000 - 0xfffff000   (3760 kB)
    pkmap   : 0xff800000 - 0xffc00000   (4096 kB)
    vmalloc : 0xe0000000 - 0xff7fe000   ( 503 MB)
    lowmem  : 0xc0000000 - 0xdf780000   ( 503 MB)
      .init : 0xc0773000 - 0xc0803000   ( 576 kB)
      .data : 0xc0645577 - 0xc076d924   (1184 kB)
      .text : 0xc0400000 - 0xc0645577   (2325 kB)
Checking if this processor honours the WP bit even in supervisor mode... Ok.
SLUB: Genslabs=11, HWalign=64, Order=0-1, MinObjects=4, CPUs=1, Nodes=1
Calibrating delay using timer specific routine.. 1262.52 BogoMIPS (lpj=631262)
Security Framework initialized
SELinux:  Disabled at boot.
Capability LSM initialized
Mount-cache hash table entries: 512
Initializing cgroup subsys ns
Initializing cgroup subsys cpuacct
CPU: After generic identify, caps: afe9fbbf 00000000 00000000 00000000 00000000 00000000 00000000 00000000
CPU: L1 I cache: 32K, L1 D cache: 32K
CPU: L2 cache: 512K
CPU: After all inits, caps: afe9f3bf 00000000 00000000 00002040 00000000 00000000 00000000 00000000
Intel machine check architecture supported.
Intel machine check reporting enabled on CPU#0.
Compat vDSO mapped to ffffe000.
Checking 'hlt' instruction... OK.
SMP alternatives: switching to UP code
Freeing SMP alternatives: 12k freed
ACPI: Core revision 20070126
CPU0: Intel(R) Celeron(R) M processor          900MHz stepping 06
Total of 1 processors activated (1262.52 BogoMIPS).
ENABLING IO-APIC IRQs
..TIMER: vector=0x31 apic1=0 pin1=2 apic2=-1 pin2=-1
APIC calibration not consistent with PM Timer: 119ms instead of 100ms
APIC delta adjusted to PM-Timer: 437545 (524973)
Brought up 1 CPUs
sizeof(vma)=84 bytes
sizeof(page)=56 bytes
sizeof(inode)=604 bytes
sizeof(dentry)=160 bytes
sizeof(ext3inode)=856 bytes
sizeof(buffer_head)=56 bytes
sizeof(skbuff)=176 bytes
sizeof(task_struct)=3552 bytes
CPU0 attaching sched-domain:
 domain 0: span 00000001
  groups: 00000001
khelper used greatest stack depth: 3104 bytes left
net_namespace: 80 bytes
Booting paravirtualized kernel on bare hardware
Time: 19:23:47  Date: 12/18/07
NET: Registered protocol family 16
No dock devices found.
ACPI: bus type pci registered
PCI: BIOS Bug: MCFG area at e0000000 is not E820-reserved
PCI: Not using MMCONFIG.
PCI: PCI BIOS revision 3.00 entry at 0xf0031, last bus=4
PCI: Using configuration type 1
Setting up standard PCI resources
khelper used greatest stack depth: 2844 bytes left
ACPI: EC: Look up EC in DSDT
ACPI: Interpreter enabled
ACPI: (supports S0 S1 S3 S4 S5)
ACPI: Using IOAPIC for interrupt routing
ACPI: EC: GPE = 0x18, I/O: command/status = 0x66, data = 0x62
ACPI: EC: driver started in poll mode
ACPI: PCI Root Bridge [PCI0] (0000:00)
Force enabled HPET at base address 0xfed00000
PCI quirk: region 0800-087f claimed by ICH6 ACPI/GPIO/TCO
PCI quirk: region 0480-04bf claimed by ICH6 GPIO
PCI: Transparent bridge - 0000:00:1e.0
ACPI: PCI Interrupt Routing Table [\_SB_.PCI0._PRT]
ACPI: PCI Interrupt Routing Table [\_SB_.PCI0.P0P3._PRT]
ACPI: PCI Interrupt Routing Table [\_SB_.PCI0.P0P6._PRT]
ACPI: PCI Interrupt Link [LNKA] (IRQs 3 4 5 6 7 10 *11 12 14 15)
ACPI: PCI Interrupt Link [LNKB] (IRQs 3 4 5 6 7 10 11 12 14 15) *0, disabled.
ACPI: PCI Interrupt Link [LNKC] (IRQs 3 4 5 6 7 *10 11 12 14 15)
ACPI: PCI Interrupt Link [LNKD] (IRQs *3 4 5 6 7 10 11 12 14 15)
ACPI: PCI Interrupt Link [LNKE] (IRQs 3 4 5 6 7 10 11 12 14 15) *0, disabled.
ACPI: PCI Interrupt Link [LNKF] (IRQs 3 4 5 6 7 10 11 12 14 15) *0, disabled.
ACPI: PCI Interrupt Link [LNKG] (IRQs 3 4 5 6 7 10 11 12 14 15) *0, disabled.
ACPI: PCI Interrupt Link [LNKH] (IRQs 3 4 *5 6 7 10 11 12 14 15)
Linux Plug and Play Support v0.97 (c) Adam Belay
pnp: PnP ACPI init
ACPI: bus type pnp registered
pnp: PnP ACPI: found 13 devices
ACPI: ACPI bus type pnp unregistered
usbcore: registered new interface driver usbfs
usbcore: registered new interface driver hub
usbcore: registered new device driver usb
PCI: Using ACPI for IRQ routing
PCI: If a device doesn't work, try "pci=routeirq".  If it helps, post a report
NetLabel: Initializing
NetLabel:  domain hash size = 128
NetLabel:  protocols = UNLABELED CIPSOv4
NetLabel:  unlabeled traffic allowed by default
hpet clockevent registered
hpet0: at MMIO 0xfed00000, IRQs 2, 8, 0
hpet0: 3 64-bit timers, 14318180 Hz
ACPI: RTC can wake from S4
Time: tsc clocksource has been installed.
system 00:01: iomem range 0xfed13000-0xfed19fff has been reserved
system 00:08: ioport range 0x4d0-0x4d1 has been reserved
system 00:08: ioport range 0x800-0x87f has been reserved
system 00:08: ioport range 0x480-0x4bf has been reserved
system 00:08: iomem range 0xfed1c000-0xfed1ffff has been reserved
system 00:08: iomem range 0xfed20000-0xfed8ffff has been reserved
system 00:09: iomem range 0xfec00000-0xfec00fff has been reserved
system 00:09: iomem range 0xfee00000-0xfee00fff could not be reserved
system 00:0a: iomem range 0xe0000000-0xefffffff has been reserved
system 00:0b: iomem range 0xe0000000-0xefffffff has been reserved
system 00:0c: iomem range 0x0-0x9ffff could not be reserved
system 00:0c: iomem range 0xc0000-0xcffff could not be reserved
system 00:0c: iomem range 0xe0000-0xfffff could not be reserved
system 00:0c: iomem range 0x100000-0x1f7fffff could not be reserved
system 00:0c: iomem range 0x0-0x0 could not be reserved
PCI: Bridge: 0000:00:1c.0
  IO window: disabled.
  MEM window: disabled.
  PREFETCH window: disabled.
PCI: Bridge: 0000:00:1c.2
  IO window: disabled.
  MEM window: fa000000-fbffffff
  PREFETCH window: f4000000-f8ffffff
PCI: Bridge: 0000:00:1e.0
  IO window: disabled.
  MEM window: disabled.
  PREFETCH window: disabled.
ACPI: PCI Interrupt 0000:00:1c.0[A] -> GSI 16 (level, low) -> IRQ 16
PCI: Setting latency timer of device 0000:00:1c.0 to 64
ACPI: PCI Interrupt 0000:00:1c.2[C] -> GSI 18 (level, low) -> IRQ 17
PCI: Setting latency timer of device 0000:00:1c.2 to 64
PCI: Setting latency timer of device 0000:00:1e.0 to 64
NET: Registered protocol family 2
IP route cache hash table entries: 4096 (order: 2, 16384 bytes)
TCP established hash table entries: 16384 (order: 5, 131072 bytes)
TCP bind hash table entries: 16384 (order: 7, 589824 bytes)
TCP: Hash tables configured (established 16384 bind 16384)
TCP reno registered
checking if image is initramfs...<7>Switched to high resolution mode on CPU 0
 it is
Freeing initrd memory: 3645k freed
ACPI: EC: non-query interrupt received, switching to interrupt mode
khelper used greatest stack depth: 2760 bytes left
khelper used greatest stack depth: 2740 bytes left
apm: BIOS version 1.2 Flags 0x03 (Driver version 1.16ac)
apm: overridden by ACPI.
audit: initializing netlink socket (disabled)
audit(1198005827.694:1): initialized
Total HugeTLB memory allocated, 0
VFS: Disk quotas dquot_6.5.1
Dquot-cache hash table entries: 1024 (order 0, 4096 bytes)
Block layer SCSI generic (bsg) driver version 0.4 loaded (major 252)
io scheduler noop registered
io scheduler anticipatory registered
io scheduler deadline registered
io scheduler cfq registered (default)
Boot video device is 0000:00:02.0
PCI: Setting latency timer of device 0000:00:1c.0 to 64
assign_interrupt_mode Found MSI capability
Allocate Port Service[0000:00:1c.0:pcie00]
Allocate Port Service[0000:00:1c.0:pcie02]
PCI: Setting latency timer of device 0000:00:1c.2 to 64
assign_interrupt_mode Found MSI capability
Allocate Port Service[0000:00:1c.2:pcie00]
Allocate Port Service[0000:00:1c.2:pcie02]
pci_hotplug: PCI Hot Plug PCI Core version: 0.5
ACPI: CPU0 (power states: C1[C1] C2[C2] C3[C3])
ACPI: Processor [CPU1] (supports 8 throttling states)
ACPI: Thermal Zone [TZ00] (35 C)
isapnp: Scanning for PnP cards...
isapnp: No Plug & Play device found
khelper used greatest stack depth: 2732 bytes left
Non-volatile memory driver v1.2
Linux agpgart interface v0.103
agpgart: Detected an Intel 915GM Chipset.
agpgart: Detected 7932K stolen memory.
agpgart: AGP aperture is 256M @ 0xd0000000
Serial: 8250/16550 driver $Revision: 1.90 $ 4 ports, IRQ sharing enabled
RAMDISK driver initialized: 16 RAM disks of 16384K size 4096 blocksize
input: Macintosh mouse button emulation as /class/input/input0
PNP: PS/2 Controller [PNP0303:PS2K,PNP0f13:PS2M] at 0x60,0x64 irq 1,12
serio: i8042 KBD port at 0x60,0x64 irq 1
serio: i8042 AUX port at 0x60,0x64 irq 12
khelper used greatest stack depth: 2580 bytes left
mice: PS/2 mouse device common for all mice
input: AT Translated Set 2 keyboard as /class/input/input1
cpuidle: using governor ladder
Synaptics Touchpad, model: 1, fw: 6.3, id: 0x180b1, caps: 0xa04713/0x200000
cpuidle: using governor menu
usbcore: registered new interface driver hiddev
usbcore: registered new interface driver usbhid
drivers/hid/usbhid/hid-core.c: v2.6:USB HID core driver
TCP cubic registered
Initializing XFRM netlink socket
NET: Registered protocol family 1
NET: Registered protocol family 17
Using IPI No-Shortcut mode
registered taskstats version 1
  Magic number: 3:229:395
Freeing unused kernel memory: 576k freed
Write protecting the kernel read-only data: 919k
input: SynPS/2 Synaptics TouchPad as /class/input/input2
ACPI: PCI Interrupt 0000:00:1d.7[A] -> GSI 23 (level, low) -> IRQ 18
PCI: Setting latency timer of device 0000:00:1d.7 to 64
ehci_hcd 0000:00:1d.7: EHCI Host Controller
ehci_hcd 0000:00:1d.7: new USB bus registered, assigned bus number 1
ehci_hcd 0000:00:1d.7: debug port 1
PCI: cache line size of 32 is not supported by device 0000:00:1d.7
ehci_hcd 0000:00:1d.7: irq 18, io mem 0xf9ebbc00
ehci_hcd 0000:00:1d.7: USB 2.0 started, EHCI 1.00, driver 10 Dec 2004
usb usb1: configuration #1 chosen from 1 choice
hub 1-0:1.0: USB hub found
hub 1-0:1.0: 8 ports detected
insmod used greatest stack depth: 1892 bytes left
ohci_hcd: 2006 August 04 USB 1.1 'Open' Host Controller (OHCI) Driver
USB Universal Host Controller Interface driver v3.0
ACPI: PCI Interrupt 0000:00:1d.0[A] -> GSI 23 (level, low) -> IRQ 18
PCI: Setting latency timer of device 0000:00:1d.0 to 64
uhci_hcd 0000:00:1d.0: UHCI Host Controller
uhci_hcd 0000:00:1d.0: new USB bus registered, assigned bus number 2
uhci_hcd 0000:00:1d.0: irq 18, io base 0x0000e400
usb usb2: configuration #1 chosen from 1 choice
hub 2-0:1.0: USB hub found
hub 2-0:1.0: 2 ports detected
ACPI: PCI Interrupt 0000:00:1d.1[B] -> GSI 19 (level, low) -> IRQ 19
PCI: Setting latency timer of device 0000:00:1d.1 to 64
uhci_hcd 0000:00:1d.1: UHCI Host Controller
uhci_hcd 0000:00:1d.1: new USB bus registered, assigned bus number 3
uhci_hcd 0000:00:1d.1: irq 19, io base 0x0000e480
usb usb3: configuration #1 chosen from 1 choice
hub 3-0:1.0: USB hub found
hub 3-0:1.0: 2 ports detected
usb 1-5: new high speed USB device using ehci_hcd and address 2
ACPI: PCI Interrupt 0000:00:1d.2[C] -> GSI 18 (level, low) -> IRQ 17
PCI: Setting latency timer of device 0000:00:1d.2 to 64
uhci_hcd 0000:00:1d.2: UHCI Host Controller
uhci_hcd 0000:00:1d.2: new USB bus registered, assigned bus number 4
uhci_hcd 0000:00:1d.2: irq 17, io base 0x0000e800
usb usb4: configuration #1 chosen from 1 choice
hub 4-0:1.0: USB hub found
hub 4-0:1.0: 2 ports detected
usb 1-5: configuration #1 chosen from 1 choice
ACPI: PCI Interrupt 0000:00:1d.3[D] -> GSI 16 (level, low) -> IRQ 16
PCI: Setting latency timer of device 0000:00:1d.3 to 64
uhci_hcd 0000:00:1d.3: UHCI Host Controller
uhci_hcd 0000:00:1d.3: new USB bus registered, assigned bus number 5
uhci_hcd 0000:00:1d.3: irq 16, io base 0x0000e880
usb usb5: configuration #1 chosen from 1 choice
hub 5-0:1.0: USB hub found
hub 5-0:1.0: 2 ports detected
insmod used greatest stack depth: 1672 bytes left
SCSI subsystem initialized
libata version 3.00 loaded.
ata_piix 0000:00:1f.2: version 2.12
ata_piix 0000:00:1f.2: MAP [ P0 P2 IDE IDE ]
ACPI: PCI Interrupt 0000:00:1f.2[B] -> GSI 19 (level, low) -> IRQ 19
PCI: Setting latency timer of device 0000:00:1f.2 to 64
scsi0 : ata_piix
scsi1 : ata_piix
ata1: SATA max UDMA/133 cmd 0x1f0 ctl 0x3f6 bmdma 0xffa0 irq 14
ata2: PATA max UDMA/100 cmd 0x170 ctl 0x376 bmdma 0xffa8 irq 15
ata2.00: ATA-4: SILICONMOTION SM223AC, , max UDMA/66
ata2.00: 7815024 sectors, multi 0: LBA 
ata2.00: limited to UDMA/33 due to 40-wire cable
ata2.00: configured for UDMA/33
scsi 1:0:0:0: Direct-Access     ATA      SILICONMOTION SM n/a  PQ: 0 ANSI: 5
sd 1:0:0:0: [sda] 7815024 512-byte hardware sectors (4001 MB)
sd 1:0:0:0: [sda] Write Protect is off
sd 1:0:0:0: [sda] Mode Sense: 00 3a 00 00
sd 1:0:0:0: [sda] Write cache: disabled, read cache: enabled, doesn't support DPO or FUA
sd 1:0:0:0: [sda] 7815024 512-byte hardware sectors (4001 MB)
sd 1:0:0:0: [sda] Write Protect is off
sd 1:0:0:0: [sda] Mode Sense: 00 3a 00 00
sd 1:0:0:0: [sda] Write cache: disabled, read cache: enabled, doesn't support DPO or FUA
 sda: sda1 sda2
sd 1:0:0:0: [sda] Attached SCSI disk
insmod used greatest stack depth: 812 bytes left
device-mapper: uevent: version 1.0.3
device-mapper: ioctl: 4.12.0-ioctl (2007-10-02) initialised: dm-devel@redhat.com
Initializing USB Mass Storage driver...
scsi2 : SCSI emulation for USB Mass Storage devices
usbcore: registered new interface driver usb-storage
USB Mass Storage support registered.
usb-storage: device found at 2
usb-storage: waiting for device to settle before scanning
kjournald starting.  Commit interval 5 seconds
EXT3-fs: mounted filesystem with ordered data mode.
Marking TSC unstable due to: TSC halts in idle.
Time: hpet clocksource has been installed.
sd 1:0:0:0: Attached scsi generic sg0 type 0
usb-storage: device scan complete
scsi 2:0:0:0: Direct-Access     USB2.0   CardReader SD0   0100 PQ: 0 ANSI: 0
sd 2:0:0:0: [sdb] 7903232 512-byte hardware sectors (4046 MB)
sd 2:0:0:0: [sdb] Write Protect is off
sd 2:0:0:0: [sdb] Mode Sense: 03 00 00 00
sd 2:0:0:0: [sdb] Assuming drive cache: write through
sd 2:0:0:0: [sdb] 7903232 512-byte hardware sectors (4046 MB)
sd 2:0:0:0: [sdb] Write Protect is off
sd 2:0:0:0: [sdb] Mode Sense: 03 00 00 00
sd 2:0:0:0: [sdb] Assuming drive cache: write through
 sdb: sdb1
sd 2:0:0:0: [sdb] Attached SCSI removable disk
sd 2:0:0:0: Attached scsi generic sg1 type 0
input: Power Button (FF) as /class/input/input3
ACPI: Power Button (FF) [PWRF]
input: Lid Switch as /class/input/input4
ACPI: Lid Switch [LID]
input: Sleep Button (CM) as /class/input/input5
ACPI: Sleep Button (CM) [SLPB]
input: Power Button (CM) as /class/input/input6
ACPI: Power Button (CM) [PWRB]
ACPI: AC Adapter [AC0] (off-line)
input: Video Bus as /class/input/input7
ACPI: Video Device [VGA] (multi-head: yes  rom: no  post: no)
intel_rng: FWH not detected
ACPI: PCI Interrupt 0000:00:1f.3[B] -> GSI 19 (level, low) -> IRQ 19
input: PC Speaker as /class/input/input8
iTCO_vendor_support: vendor-support=0
iTCO_wdt: Intel TCO WatchDog Timer Driver v1.02 (26-Jul-2007)
iTCO_wdt: Found a ICH6-M TCO device (Version=2, TCOBASE=0x0860)
iTCO_wdt: initialized. heartbeat=30 sec (nowayout=0)
rtc_cmos 00:03: rtc core: registered rtc_cmos as rtc0
rtc0: alarms up to one month
ACPI: Battery Slot [BAT0] (battery present)
device-mapper: multipath: version 1.0.5 loaded
Clocksource tsc unstable (delta = -67429974 ns)
loop: module loaded
EXT3 FS on dm-0, internal journal
kjournald starting.  Commit interval 5 seconds
EXT3 FS on sda1, internal journal
EXT3-fs: mounted filesystem with ordered data mode.
IA-32 Microcode Update Driver: v1.14a <tigran@aivazian.fsnet.co.uk>
NET: Registered protocol family 10
lo: Disabled Privacy Extensions
ip6_tables: (C) 2000-2006 Netfilter Core Team
nf_conntrack version 0.5.0 (8192 buckets, 32768 max)
ip_tables: (C) 2000-2006 Netfilter Core Team
ACPI: PCI Interrupt 0000:00:02.0[A] -> GSI 16 (level, low) -> IRQ 16
[drm] Initialized drm 1.1.0 20060810
[drm] Initialized i915 1.11.0 20071122 on minor 0
EXT2-fs warning: mounting unchecked fs, running e2fsck is recommended
WARNING: at /tmp/oops.c:5 modinit() (Not tainted)
Pid: 8190, comm: insmod Not tainted 2.6.24-0.77.rc4.git4.fc9 #1
 [<c040649a>] show_trace_log_lvl+0x1a/0x2f
 [<c0406d41>] show_trace+0x12/0x14
 [<c0407061>] dump_stack+0x6c/0x72
 [<e024e03d>] modinit+0x38/0x3f [oops]
 [<c0455445>] sys_init_module+0x1430/0x155c
 [<c0405252>] syscall_call+0x7/0xb
 =======================
